Archive member included because of file (symbol)

/usr/local/gcc-arm/gcc-arm-none-eabi-4_9-2015q2/bin/../lib/gcc/arm-none-eabi/4.9.3/../../../../arm-none-eabi/lib/armv7-m/libg.a(lib_a-exit.o)
                              /usr/local/gcc-arm/gcc-arm-none-eabi-4_9-2015q2/bin/../lib/gcc/arm-none-eabi/4.9.3/../../../../arm-none-eabi/lib/armv7-m/crt0.o (exit)
/usr/local/gcc-arm/gcc-arm-none-eabi-4_9-2015q2/bin/../lib/gcc/arm-none-eabi/4.9.3/../../../../arm-none-eabi/lib/armv7-m/libg.a(lib_a-impure.o)
                              /usr/local/gcc-arm/gcc-arm-none-eabi-4_9-2015q2/bin/../lib/gcc/arm-none-eabi/4.9.3/../../../../arm-none-eabi/lib/armv7-m/libg.a(lib_a-exit.o) (_global_impure_ptr)
/usr/local/gcc-arm/gcc-arm-none-eabi-4_9-2015q2/bin/../lib/gcc/arm-none-eabi/4.9.3/../../../../arm-none-eabi/lib/armv7-m/libg.a(lib_a-init.o)
                              /usr/local/gcc-arm/gcc-arm-none-eabi-4_9-2015q2/bin/../lib/gcc/arm-none-eabi/4.9.3/../../../../arm-none-eabi/lib/armv7-m/crt0.o (__libc_init_array)
/usr/local/gcc-arm/gcc-arm-none-eabi-4_9-2015q2/bin/../lib/gcc/arm-none-eabi/4.9.3/../../../../arm-none-eabi/lib/armv7-m/libg.a(lib_a-memcpy.o)
                              Middlewares/Third_Party/FreeRTOS/Source/queue.o (memcpy)
/usr/local/gcc-arm/gcc-arm-none-eabi-4_9-2015q2/bin/../lib/gcc/arm-none-eabi/4.9.3/../../../../arm-none-eabi/lib/armv7-m/libg.a(lib_a-memset.o)
                              /usr/local/gcc-arm/gcc-arm-none-eabi-4_9-2015q2/bin/../lib/gcc/arm-none-eabi/4.9.3/../../../../arm-none-eabi/lib/armv7-m/crt0.o (memset)
/usr/local/gcc-arm/gcc-arm-none-eabi-4_9-2015q2/bin/../lib/gcc/arm-none-eabi/4.9.3/../../../../arm-none-eabi/lib/armv7-m/libg.a(lib_a-__call_atexit.o)
                              /usr/local/gcc-arm/gcc-arm-none-eabi-4_9-2015q2/bin/../lib/gcc/arm-none-eabi/4.9.3/../../../../arm-none-eabi/lib/armv7-m/libg.a(lib_a-exit.o) (__call_exitprocs)
/usr/local/gcc-arm/gcc-arm-none-eabi-4_9-2015q2/bin/../lib/gcc/arm-none-eabi/4.9.3/../../../../arm-none-eabi/lib/armv7-m/libg.a(lib_a-atexit.o)
                              /usr/local/gcc-arm/gcc-arm-none-eabi-4_9-2015q2/bin/../lib/gcc/arm-none-eabi/4.9.3/../../../../arm-none-eabi/lib/armv7-m/libg.a(lib_a-__call_atexit.o) (atexit)
/usr/local/gcc-arm/gcc-arm-none-eabi-4_9-2015q2/bin/../lib/gcc/arm-none-eabi/4.9.3/../../../../arm-none-eabi/lib/armv7-m/libg.a(lib_a-fini.o)
                              /usr/local/gcc-arm/gcc-arm-none-eabi-4_9-2015q2/bin/../lib/gcc/arm-none-eabi/4.9.3/../../../../arm-none-eabi/lib/armv7-m/libg.a(lib_a-__call_atexit.o) (__libc_fini_array)
/usr/local/gcc-arm/gcc-arm-none-eabi-4_9-2015q2/bin/../lib/gcc/arm-none-eabi/4.9.3/../../../../arm-none-eabi/lib/armv7-m/libg.a(lib_a-__atexit.o)
                              /usr/local/gcc-arm/gcc-arm-none-eabi-4_9-2015q2/bin/../lib/gcc/arm-none-eabi/4.9.3/../../../../arm-none-eabi/lib/armv7-m/libg.a(lib_a-atexit.o) (__register_exitproc)

Allocating common symbols
Common symbol       size              file

xQueueRegistry      0x40              Middlewares/Third_Party/FreeRTOS/Source/queue.o
pFlash              0x18              Drivers/STM32F2xx_HAL_Driver/Src/stm32f2xx_hal_flash.o

Discarded input sections

 .text          0x0000000000000000        0x0 /usr/local/gcc-arm/gcc-arm-none-eabi-4_9-2015q2/bin/../lib/gcc/arm-none-eabi/4.9.3/armv7-m/crti.o
 .data          0x0000000000000000        0x0 /usr/local/gcc-arm/gcc-arm-none-eabi-4_9-2015q2/bin/../lib/gcc/arm-none-eabi/4.9.3/armv7-m/crti.o
 .bss           0x0000000000000000        0x0 /usr/local/gcc-arm/gcc-arm-none-eabi-4_9-2015q2/bin/../lib/gcc/arm-none-eabi/4.9.3/armv7-m/crti.o
 .data          0x0000000000000000        0x4 /usr/local/gcc-arm/gcc-arm-none-eabi-4_9-2015q2/bin/../lib/gcc/arm-none-eabi/4.9.3/armv7-m/crtbegin.o
 .text          0x0000000000000000       0x74 /usr/local/gcc-arm/gcc-arm-none-eabi-4_9-2015q2/bin/../lib/gcc/arm-none-eabi/4.9.3/../../../../arm-none-eabi/lib/armv7-m/crt0.o
 .data          0x0000000000000000        0x0 /usr/local/gcc-arm/gcc-arm-none-eabi-4_9-2015q2/bin/../lib/gcc/arm-none-eabi/4.9.3/../../../../arm-none-eabi/lib/armv7-m/crt0.o
 .bss           0x0000000000000000        0x0 /usr/local/gcc-arm/gcc-arm-none-eabi-4_9-2015q2/bin/../lib/gcc/arm-none-eabi/4.9.3/../../../../arm-none-eabi/lib/armv7-m/crt0.o
 .ARM.extab     0x0000000000000000        0x0 /usr/local/gcc-arm/gcc-arm-none-eabi-4_9-2015q2/bin/../lib/gcc/arm-none-eabi/4.9.3/../../../../arm-none-eabi/lib/armv7-m/crt0.o
 .ARM.exidx     0x0000000000000000        0x8 /usr/local/gcc-arm/gcc-arm-none-eabi-4_9-2015q2/bin/../lib/gcc/arm-none-eabi/4.9.3/../../../../arm-none-eabi/lib/armv7-m/crt0.o
 .ARM.attributes
                0x0000000000000000       0x1b /usr/local/gcc-arm/gcc-arm-none-eabi-4_9-2015q2/bin/../lib/gcc/arm-none-eabi/4.9.3/../../../../arm-none-eabi/lib/armv7-m/crt0.o
 .group         0x0000000000000000        0x8 Drivers/STM32F2xx_HAL_Driver/Src/stm32f2xx_hal.o
[...]
Memory Configuration

Name             Origin             Length             Attributes
FLASH            0x0000000008000000 0x0000000000100000 xr
RAM              0x0000000020000000 0x0000000000020000 xrw
MEMORY_B1        0x0000000060000000 0x0000000000000000 xr
*default*        0x0000000000000000 0xffffffffffffffff

Linker script and memory map

LOAD /usr/local/gcc-arm/gcc-arm-none-eabi-4_9-2015q2/bin/../lib/gcc/arm-none-eabi/4.9.3/armv7-m/crti.o
LOAD /usr/local/gcc-arm/gcc-arm-none-eabi-4_9-2015q2/bin/../lib/gcc/arm-none-eabi/4.9.3/armv7-m/crtbegin.o
LOAD /usr/local/gcc-arm/gcc-arm-none-eabi-4_9-2015q2/bin/../lib/gcc/arm-none-eabi/4.9.3/../../../../arm-none-eabi/lib/armv7-m/crt0.o
LOAD Drivers/STM32F2xx_HAL_Driver/Src/stm32f2xx_hal.o
LOAD Drivers/STM32F2xx_HAL_Driver/Src/stm32f2xx_hal_adc.o
LOAD Drivers/STM32F2xx_HAL_Driver/Src/stm32f2xx_hal_adc_ex.o
LOAD Drivers/STM32F2xx_HAL_Driver/Src/stm32f2xx_hal_can.o
LOAD Drivers/STM32F2xx_HAL_Driver/Src/stm32f2xx_hal_cortex.o
LOAD Drivers/STM32F2xx_HAL_Driver/Src/stm32f2xx_hal_crc.o
LOAD Drivers/STM32F2xx_HAL_Driver/Src/stm32f2xx_hal_cryp.o
LOAD Drivers/STM32F2xx_HAL_Driver/Src/stm32f2xx_hal_dac.o
LOAD Drivers/STM32F2xx_HAL_Driver/Src/stm32f2xx_hal_dac_ex.o
LOAD Drivers/STM32F2xx_HAL_Driver/Src/stm32f2xx_hal_dcmi.o
LOAD Drivers/STM32F2xx_HAL_Driver/Src/stm32f2xx_hal_dma.o
LOAD Drivers/STM32F2xx_HAL_Driver/Src/stm32f2xx_hal_dma_ex.o
LOAD Drivers/STM32F2xx_HAL_Driver/Src/stm32f2xx_hal_eth.o
LOAD Drivers/STM32F2xx_HAL_Driver/Src/stm32f2xx_hal_flash.o
LOAD Drivers/STM32F2xx_HAL_Driver/Src/stm32f2xx_hal_flash_ex.o
LOAD Drivers/STM32F2xx_HAL_Driver/Src/stm32f2xx_hal_gpio.o
LOAD Drivers/STM32F2xx_HAL_Driver/Src/stm32f2xx_hal_hash.o
LOAD Drivers/STM32F2xx_HAL_Driver/Src/stm32f2xx_hal_hcd.o
LOAD Drivers/STM32F2xx_HAL_Driver/Src/stm32f2xx_hal_i2c.o
LOAD Drivers/STM32F2xx_HAL_Driver/Src/stm32f2xx_hal_i2s.o
LOAD Drivers/STM32F2xx_HAL_Driver/Src/stm32f2xx_hal_irda.o
LOAD Drivers/STM32F2xx_HAL_Driver/Src/stm32f2xx_hal_iwdg.o
LOAD Drivers/STM32F2xx_HAL_Driver/Src/stm32f2xx_hal_msp_template.o
LOAD Drivers/STM32F2xx_HAL_Driver/Src/stm32f2xx_hal_nand.o
LOAD Drivers/STM32F2xx_HAL_Driver/Src/stm32f2xx_hal_nor.o
LOAD Drivers/STM32F2xx_HAL_Driver/Src/stm32f2xx_hal_pccard.o
LOAD Drivers/STM32F2xx_HAL_Driver/Src/stm32f2xx_hal_pcd.o
LOAD Drivers/STM32F2xx_HAL_Driver/Src/stm32f2xx_hal_pwr.o
LOAD Drivers/STM32F2xx_HAL_Driver/Src/stm32f2xx_hal_pwr_ex.o
LOAD Drivers/STM32F2xx_HAL_Driver/Src/stm32f2xx_hal_rcc.o
LOAD Drivers/STM32F2xx_HAL_Driver/Src/stm32f2xx_hal_rcc_ex.o
LOAD Drivers/STM32F2xx_HAL_Driver/Src/stm32f2xx_hal_rng.o
LOAD Drivers/STM32F2xx_HAL_Driver/Src/stm32f2xx_hal_rtc.o
LOAD Drivers/STM32F2xx_HAL_Driver/Src/stm32f2xx_hal_rtc_ex.o
LOAD Drivers/STM32F2xx_HAL_Driver/Src/stm32f2xx_hal_sd.o
LOAD Drivers/STM32F2xx_HAL_Driver/Src/stm32f2xx_hal_smartcard.o
LOAD Drivers/STM32F2xx_HAL_Driver/Src/stm32f2xx_hal_spi.o
LOAD Drivers/STM32F2xx_HAL_Driver/Src/stm32f2xx_hal_sram.o
LOAD Drivers/STM32F2xx_HAL_Driver/Src/stm32f2xx_hal_tim.o
LOAD Drivers/STM32F2xx_HAL_Driver/Src/stm32f2xx_hal_tim_ex.o
LOAD Drivers/STM32F2xx_HAL_Driver/Src/stm32f2xx_hal_uart.o
LOAD Drivers/STM32F2xx_HAL_Driver/Src/stm32f2xx_hal_usart.o
LOAD Drivers/STM32F2xx_HAL_Driver/Src/stm32f2xx_hal_wwdg.o
LOAD Drivers/STM32F2xx_HAL_Driver/Src/stm32f2xx_ll_fsmc.o
LOAD Drivers/STM32F2xx_HAL_Driver/Src/stm32f2xx_ll_sdmmc.o
LOAD Drivers/STM32F2xx_HAL_Driver/Src/stm32f2xx_ll_usb.o
LOAD Middlewares/Third_Party/FreeRTOS/CMSIS_RTOS/cmsis_os.o
LOAD Middlewares/Third_Party/FreeRTOS/Source/list.o
LOAD Middlewares/Third_Party/FreeRTOS/Source/portable/MemMang/heap_4.o
LOAD Middlewares/Third_Party/FreeRTOS/Source/portable/gcc/ARM_CM3/port.o
LOAD Middlewares/Third_Party/FreeRTOS/Source/queue.o
LOAD Middlewares/Third_Party/FreeRTOS/Source/tasks.o
LOAD Middlewares/Third_Party/FreeRTOS/Source/timers.o
LOAD Src/main.o
LOAD Src/stm32f2xx_it.o
LOAD Src/system_stm32f2xx.o
LOAD startup_stm32f207xx.o
LOAD /usr/local/gcc-arm/gcc-arm-none-eabi-4_9-2015q2/bin/../lib/gcc/arm-none-eabi/4.9.3/../../../../arm-none-eabi/lib/armv7-m/libstdc++.a
LOAD /usr/local/gcc-arm/gcc-arm-none-eabi-4_9-2015q2/bin/../lib/gcc/arm-none-eabi/4.9.3/../../../../arm-none-eabi/lib/armv7-m/libm.a
START GROUP
LOAD /usr/local/gcc-arm/gcc-arm-none-eabi-4_9-2015q2/bin/../lib/gcc/arm-none-eabi/4.9.3/armv7-m/libgcc.a
LOAD /usr/local/gcc-arm/gcc-arm-none-eabi-4_9-2015q2/bin/../lib/gcc/arm-none-eabi/4.9.3/../../../../arm-none-eabi/lib/armv7-m/libg.a
LOAD /usr/local/gcc-arm/gcc-arm-none-eabi-4_9-2015q2/bin/../lib/gcc/arm-none-eabi/4.9.3/../../../../arm-none-eabi/lib/armv7-m/libc.a
END GROUP
LOAD /usr/local/gcc-arm/gcc-arm-none-eabi-4_9-2015q2/bin/../lib/gcc/arm-none-eabi/4.9.3/armv7-m/crtend.o
LOAD /usr/local/gcc-arm/gcc-arm-none-eabi-4_9-2015q2/bin/../lib/gcc/arm-none-eabi/4.9.3/armv7-m/crtn.o
                0x0000000020020000                _estack = 0x20020000
                0x0000000000000000                _Min_Heap_Size = 0x0
                0x0000000000000400                _Min_Stack_Size = 0x400

.isr_vector     0x0000000008000000      0x184
                0x0000000008000000                . = ALIGN (0x4)
 *(.isr_vector)
 .isr_vector    0x0000000008000000      0x184 startup_stm32f207xx.o
                0x0000000008000000                g_pfnVectors
                0x0000000008000184                . = ALIGN (0x4)

.text           0x0000000008000184      0x63c
                0x0000000008000184                . = ALIGN (0x4)
 *(.text)
 .text          0x0000000008000184       0x5c /usr/local/gcc-arm/gcc-arm-none-eabi-4_9-2015q2/bin/../lib/gcc/arm-none-eabi/4.9.3/armv7-m/crtbegin.o
 *(.text*)
 .text.vListInsertEnd
                0x00000000080001e0       0x48 Middlewares/Third_Party/FreeRTOS/Source/list.o
                0x00000000080001e0                vListInsertEnd
 .text.uxListRemove
                0x0000000008000228       0x54 Middlewares/Third_Party/FreeRTOS/Source/list.o
                0x0000000008000228                uxListRemove
 .text.SVC_Handler
                0x000000000800027c       0x20 Middlewares/Third_Party/FreeRTOS/Source/portable/gcc/ARM_CM3/port.o
                0x000000000800027c                SVC_Handler
 .text.ulPortSetInterruptMask
                0x000000000800029c       0x14 Middlewares/Third_Party/FreeRTOS/Source/portable/gcc/ARM_CM3/port.o
                0x000000000800029c                ulPortSetInterruptMask
 .text.vPortClearInterruptMask
                0x00000000080002b0        0x8 Middlewares/Third_Party/FreeRTOS/Source/portable/gcc/ARM_CM3/port.o
                0x00000000080002b0                vPortClearInterruptMask
 .text.PendSV_Handler
                0x00000000080002b8       0x3c Middlewares/Third_Party/FreeRTOS/Source/portable/gcc/ARM_CM3/port.o
                0x00000000080002b8                PendSV_Handler
 .text.xPortSysTickHandler
                0x00000000080002f4       0x28 Middlewares/Third_Party/FreeRTOS/Source/portable/gcc/ARM_CM3/port.o
                0x00000000080002f4                xPortSysTickHandler
 .text.xTaskIncrementTick
                0x000000000800031c      0x19c Middlewares/Third_Party/FreeRTOS/Source/tasks.o
                0x000000000800031c                xTaskIncrementTick
 .text.vTaskSwitchContext
                0x00000000080004b8       0xa4 Middlewares/Third_Party/FreeRTOS/Source/tasks.o
                0x00000000080004b8                vTaskSwitchContext
 .text.main     0x000000000800055c       0x18 Src/main.o
                0x000000000800055c                main
 .text.NMI_Handler
                0x0000000008000574        0xc Src/stm32f2xx_it.o
                0x0000000008000574                NMI_Handler
 .text.HardFault_Handler
                0x0000000008000580        0x8 Src/stm32f2xx_it.o
                0x0000000008000580                HardFault_Handler
 .text.MemManage_Handler
                0x0000000008000588        0x8 Src/stm32f2xx_it.o
                0x0000000008000588                MemManage_Handler
 .text.BusFault_Handler
                0x0000000008000590        0x8 Src/stm32f2xx_it.o
                0x0000000008000590                BusFault_Handler
 .text.UsageFault_Handler
                0x0000000008000598        0x8 Src/stm32f2xx_it.o
                0x0000000008000598                UsageFault_Handler
 .text.DebugMon_Handler
                0x00000000080005a0        0xc Src/stm32f2xx_it.o
                0x00000000080005a0                DebugMon_Handler
 .text.SysTick_Handler
                0x00000000080005ac        0xc Src/stm32f2xx_it.o
                0x00000000080005ac                SysTick_Handler
 .text.SystemInit
                0x00000000080005b8       0x5c Src/system_stm32f2xx.o
                0x00000000080005b8                SystemInit
 .text.Reset_Handler
                0x0000000008000614       0x50 startup_stm32f207xx.o
                0x0000000008000614                Reset_Handler
 .text.Default_Handler
                0x0000000008000664        0x2 startup_stm32f207xx.o
                0x0000000008000664                DMA1_Stream3_IRQHandler
                0x0000000008000664                HASH_RNG_IRQHandler
                0x0000000008000664                EXTI2_IRQHandler
                0x0000000008000664                TIM8_CC_IRQHandler
                0x0000000008000664                TIM1_CC_IRQHandler
                0x0000000008000664                DMA2_Stream5_IRQHandler
                0x0000000008000664                DMA1_Stream5_IRQHandler
                0x0000000008000664                PVD_IRQHandler
                0x0000000008000664                SDIO_IRQHandler
                0x0000000008000664                TAMP_STAMP_IRQHandler
                0x0000000008000664                CAN2_RX1_IRQHandler
                0x0000000008000664                EXTI3_IRQHandler
                0x0000000008000664                TIM8_TRG_COM_TIM14_IRQHandler
                0x0000000008000664                TIM1_UP_TIM10_IRQHandler
                0x0000000008000664                TIM8_UP_TIM13_IRQHandler
                0x0000000008000664                I2C3_ER_IRQHandler
                0x0000000008000664                EXTI0_IRQHandler
                0x0000000008000664                I2C2_EV_IRQHandler
                0x0000000008000664                DMA1_Stream2_IRQHandler
                0x0000000008000664                CAN1_RX0_IRQHandler
                0x0000000008000664                OTG_HS_WKUP_IRQHandler
                0x0000000008000664                CAN2_SCE_IRQHandler
                0x0000000008000664                DMA2_Stream2_IRQHandler
                0x0000000008000664                SPI1_IRQHandler
                0x0000000008000664                TIM6_DAC_IRQHandler
                0x0000000008000664                TIM1_BRK_TIM9_IRQHandler
                0x0000000008000664                DCMI_IRQHandler
                0x0000000008000664                CAN2_RX0_IRQHandler
                0x0000000008000664                DMA2_Stream3_IRQHandler
                0x0000000008000664                USART6_IRQHandler
                0x0000000008000664                USART3_IRQHandler
                0x0000000008000664                CAN1_RX1_IRQHandler
                0x0000000008000664                UART5_IRQHandler
                0x0000000008000664                DMA2_Stream0_IRQHandler
                0x0000000008000664                TIM4_IRQHandler
                0x0000000008000664                I2C1_EV_IRQHandler
                0x0000000008000664                DMA1_Stream6_IRQHandler
                0x0000000008000664                DMA1_Stream1_IRQHandler
                0x0000000008000664                UART4_IRQHandler
                0x0000000008000664                TIM3_IRQHandler
                0x0000000008000664                RCC_IRQHandler
                0x0000000008000664                TIM8_BRK_TIM12_IRQHandler
                0x0000000008000664                Default_Handler
                0x0000000008000664                EXTI15_10_IRQHandler
                0x0000000008000664                ADC_IRQHandler
                0x0000000008000664                DMA1_Stream7_IRQHandler
                0x0000000008000664                TIM7_IRQHandler
                0x0000000008000664                CAN2_TX_IRQHandler
                0x0000000008000664                TIM5_IRQHandler
                0x0000000008000664                DMA2_Stream7_IRQHandler
                0x0000000008000664                I2C3_EV_IRQHandler
                0x0000000008000664                EXTI9_5_IRQHandler
                0x0000000008000664                RTC_WKUP_IRQHandler
                0x0000000008000664                ETH_WKUP_IRQHandler
                0x0000000008000664                SPI2_IRQHandler
                0x0000000008000664                OTG_HS_EP1_IN_IRQHandler
                0x0000000008000664                DMA1_Stream0_IRQHandler
                0x0000000008000664                CAN1_TX_IRQHandler
                0x0000000008000664                EXTI4_IRQHandler
                0x0000000008000664                FSMC_IRQHandler
                0x0000000008000664                ETH_IRQHandler
                0x0000000008000664                OTG_HS_EP1_OUT_IRQHandler
                0x0000000008000664                WWDG_IRQHandler
                0x0000000008000664                TIM2_IRQHandler
                0x0000000008000664                OTG_FS_WKUP_IRQHandler
                0x0000000008000664                TIM1_TRG_COM_TIM11_IRQHandler
                0x0000000008000664                OTG_HS_IRQHandler
                0x0000000008000664                EXTI1_IRQHandler
                0x0000000008000664                USART2_IRQHandler
                0x0000000008000664                I2C2_ER_IRQHandler
                0x0000000008000664                DMA2_Stream1_IRQHandler
                0x0000000008000664                CAN1_SCE_IRQHandler
                0x0000000008000664                FLASH_IRQHandler
                0x0000000008000664                DMA2_Stream4_IRQHandler
                0x0000000008000664                USART1_IRQHandler
                0x0000000008000664                OTG_FS_IRQHandler
                0x0000000008000664                SPI3_IRQHandler
                0x0000000008000664                DMA1_Stream4_IRQHandler
                0x0000000008000664                I2C1_ER_IRQHandler
                0x0000000008000664                DMA2_Stream6_IRQHandler
                0x0000000008000664                RTC_Alarm_IRQHandler
 *fill*         0x0000000008000666        0x2 
 .text.__libc_init_array
                0x0000000008000668       0x50 /usr/local/gcc-arm/gcc-arm-none-eabi-4_9-2015q2/bin/../lib/gcc/arm-none-eabi/4.9.3/../../../../arm-none-eabi/lib/armv7-m/libg.a(lib_a-init.o)
                0x0000000008000668                __libc_init_array
 .text.startup.register_fini
                0x00000000080006b8       0x14 /usr/local/gcc-arm/gcc-arm-none-eabi-4_9-2015q2/bin/../lib/gcc/arm-none-eabi/4.9.3/../../../../arm-none-eabi/lib/armv7-m/libg.a(lib_a-__call_atexit.o)
 .text.atexit   0x00000000080006cc        0xc /usr/local/gcc-arm/gcc-arm-none-eabi-4_9-2015q2/bin/../lib/gcc/arm-none-eabi/4.9.3/../../../../arm-none-eabi/lib/armv7-m/libg.a(lib_a-atexit.o)
                0x00000000080006cc                atexit
 .text.__libc_fini_array
                0x00000000080006d8       0x2c /usr/local/gcc-arm/gcc-arm-none-eabi-4_9-2015q2/bin/../lib/gcc/arm-none-eabi/4.9.3/../../../../arm-none-eabi/lib/armv7-m/libg.a(lib_a-fini.o)
                0x00000000080006d8                __libc_fini_array
 .text.__register_exitproc
                0x0000000008000704       0xa4 /usr/local/gcc-arm/gcc-arm-none-eabi-4_9-2015q2/bin/../lib/gcc/arm-none-eabi/4.9.3/../../../../arm-none-eabi/lib/armv7-m/libg.a(lib_a-__atexit.o)
                0x0000000008000704                __register_exitproc
 *(.glue_7)
 .glue_7        0x0000000000000000        0x0 linker stubs
 *(.glue_7t)
 .glue_7t       0x0000000000000000        0x0 linker stubs
 *(.eh_frame)
 .eh_frame      0x00000000080007a8        0x0 /usr/local/gcc-arm/gcc-arm-none-eabi-4_9-2015q2/bin/../lib/gcc/arm-none-eabi/4.9.3/armv7-m/crtbegin.o
 *(.init)
 .init          0x00000000080007a8        0x4 /usr/local/gcc-arm/gcc-arm-none-eabi-4_9-2015q2/bin/../lib/gcc/arm-none-eabi/4.9.3/armv7-m/crti.o
                0x00000000080007a8                _init
 .init          0x00000000080007ac        0x8 /usr/local/gcc-arm/gcc-arm-none-eabi-4_9-2015q2/bin/../lib/gcc/arm-none-eabi/4.9.3/armv7-m/crtn.o
 *(.fini)
 .fini          0x00000000080007b4        0x4 /usr/local/gcc-arm/gcc-arm-none-eabi-4_9-2015q2/bin/../lib/gcc/arm-none-eabi/4.9.3/armv7-m/crti.o
                0x00000000080007b4                _fini
 .fini          0x00000000080007b8        0x8 /usr/local/gcc-arm/gcc-arm-none-eabi-4_9-2015q2/bin/../lib/gcc/arm-none-eabi/4.9.3/armv7-m/crtn.o
                0x00000000080007c0                . = ALIGN (0x4)
                0x00000000080007c0                _etext = .

.vfp11_veneer   0x00000000080007c0        0x0
 .vfp11_veneer  0x0000000000000000        0x0 linker stubs

.v4_bx          0x00000000080007c0        0x0
 .v4_bx         0x0000000000000000        0x0 linker stubs

.iplt           0x00000000080007c0        0x0
 .iplt          0x0000000000000000        0x0 /usr/local/gcc-arm/gcc-arm-none-eabi-4_9-2015q2/bin/../lib/gcc/arm-none-eabi/4.9.3/armv7-m/crtbegin.o

.rodata         0x00000000080007c0        0x8
                0x00000000080007c0                . = ALIGN (0x4)
 *(.rodata)
 *(.rodata*)
 .rodata.str1.4
                0x00000000080007c0        0x4 /usr/local/gcc-arm/gcc-arm-none-eabi-4_9-2015q2/bin/../lib/gcc/arm-none-eabi/4.9.3/../../../../arm-none-eabi/lib/armv7-m/libg.a(lib_a-impure.o)
                                          0x2 (size before relaxing)
 .rodata._global_impure_ptr
                0x00000000080007c4        0x4 /usr/local/gcc-arm/gcc-arm-none-eabi-4_9-2015q2/bin/../lib/gcc/arm-none-eabi/4.9.3/../../../../arm-none-eabi/lib/armv7-m/libg.a(lib_a-impure.o)
                0x00000000080007c4                _global_impure_ptr
                0x00000000080007c8                . = ALIGN (0x4)

.ARM.extab
 *(.ARM.extab* .gnu.linkonce.armextab.*)

.ARM            0x00000000080007c8        0x8
                0x00000000080007c8                __exidx_start = .
 *(.ARM.exidx*)
 .ARM.exidx.text.main
                0x00000000080007c8        0x8 Src/main.o
                0x00000000080007d0                __exidx_end = .

.rel.dyn        0x00000000080007d0        0x0
 .rel.iplt      0x0000000000000000        0x0 /usr/local/gcc-arm/gcc-arm-none-eabi-4_9-2015q2/bin/../lib/gcc/arm-none-eabi/4.9.3/armv7-m/crtbegin.o

.preinit_array  0x00000000080007d0        0x0
                0x00000000080007d0                PROVIDE (__preinit_array_start, .)
 *(.preinit_array*)
                0x00000000080007d0                PROVIDE (__preinit_array_end, .)

.init_array     0x00000000080007d0        0x8
                0x00000000080007d0                PROVIDE (__init_array_start, .)
 *(SORT(.init_array.*))
 .init_array.00000
                0x00000000080007d0        0x4 /usr/local/gcc-arm/gcc-arm-none-eabi-4_9-2015q2/bin/../lib/gcc/arm-none-eabi/4.9.3/../../../../arm-none-eabi/lib/armv7-m/libg.a(lib_a-__call_atexit.o)
 *(.init_array*)
 .init_array    0x00000000080007d4        0x4 /usr/local/gcc-arm/gcc-arm-none-eabi-4_9-2015q2/bin/../lib/gcc/arm-none-eabi/4.9.3/armv7-m/crtbegin.o
                0x00000000080007d8                PROVIDE (__init_array_end, .)

.fini_array     0x00000000080007d8        0x4
                0x00000000080007d8                PROVIDE (__fini_array_start, .)
 *(SORT(.fini_array.*))
 *(.fini_array*)
 .fini_array    0x00000000080007d8        0x4 /usr/local/gcc-arm/gcc-arm-none-eabi-4_9-2015q2/bin/../lib/gcc/arm-none-eabi/4.9.3/armv7-m/crtbegin.o
                0x00000000080007dc                PROVIDE (__fini_array_end, .)
                0x00000000080007dc                _sidata = LOADADDR (.data)

.data           0x0000000020000000      0x430 load address 0x00000000080007dc
                0x0000000020000000                . = ALIGN (0x4)
                0x0000000020000000                _sdata = .
 *(.data)
 *(.data*)
 .data.xNextTaskUnblockTime
                0x0000000020000000        0x4 Middlewares/Third_Party/FreeRTOS/Source/tasks.o
 *fill*         0x0000000020000004        0x4 
 .data.impure_data
                0x0000000020000008      0x428 /usr/local/gcc-arm/gcc-arm-none-eabi-4_9-2015q2/bin/../lib/gcc/arm-none-eabi/4.9.3/../../../../arm-none-eabi/lib/armv7-m/libg.a(lib_a-impure.o)
                0x0000000020000430                . = ALIGN (0x4)
                0x0000000020000430                _edata = .

.jcr            0x0000000020000430        0x0 load address 0x0000000008000c0c
 .jcr           0x0000000020000430        0x0 /usr/local/gcc-arm/gcc-arm-none-eabi-4_9-2015q2/bin/../lib/gcc/arm-none-eabi/4.9.3/armv7-m/crtbegin.o

.igot.plt       0x0000000020000430        0x0 load address 0x0000000008000c0c
 .igot.plt      0x0000000000000000        0x0 /usr/local/gcc-arm/gcc-arm-none-eabi-4_9-2015q2/bin/../lib/gcc/arm-none-eabi/4.9.3/armv7-m/crtbegin.o
                0x0000000020000430                . = ALIGN (0x4)

.bss            0x0000000020000430       0xcc load address 0x0000000008000c0c
                0x0000000020000430                _sbss = .
                0x0000000020000430                __bss_start__ = _sbss
 *(.bss)
 .bss           0x0000000020000430       0x1c /usr/local/gcc-arm/gcc-arm-none-eabi-4_9-2015q2/bin/../lib/gcc/arm-none-eabi/4.9.3/armv7-m/crtbegin.o
 *(.bss*)
 .bss.pxCurrentTCB
                0x000000002000044c        0x4 Middlewares/Third_Party/FreeRTOS/Source/tasks.o
                0x000000002000044c                pxCurrentTCB
 .bss.pxReadyTasksLists
                0x0000000020000450       0x8c Middlewares/Third_Party/FreeRTOS/Source/tasks.o
 .bss.pxDelayedTaskList
                0x00000000200004dc        0x4 Middlewares/Third_Party/FreeRTOS/Source/tasks.o
 .bss.pxOverflowDelayedTaskList
                0x00000000200004e0        0x4 Middlewares/Third_Party/FreeRTOS/Source/tasks.o
 .bss.xTickCount
                0x00000000200004e4        0x4 Middlewares/Third_Party/FreeRTOS/Source/tasks.o
 .bss.uxTopReadyPriority
                0x00000000200004e8        0x4 Middlewares/Third_Party/FreeRTOS/Source/tasks.o
 .bss.uxSchedulerSuspended
                0x00000000200004ec        0x4 Middlewares/Third_Party/FreeRTOS/Source/tasks.o
 .bss.uxPendedTicks
                0x00000000200004f0        0x4 Middlewares/Third_Party/FreeRTOS/Source/tasks.o
 .bss.xYieldPending
                0x00000000200004f4        0x4 Middlewares/Third_Party/FreeRTOS/Source/tasks.o
 .bss.xNumOfOverflows
                0x00000000200004f8        0x4 Middlewares/Third_Party/FreeRTOS/Source/tasks.o
 *(COMMON)
                0x00000000200004fc                . = ALIGN (0x4)
                0x00000000200004fc                _ebss = .
                0x00000000200004fc                __bss_end__ = _ebss

._user_heap_stack
                0x00000000200004fc      0x400 load address 0x0000000008000c0c
                0x00000000200004fc                . = ALIGN (0x4)
                0x00000000200004fc                PROVIDE (end, .)
                0x00000000200004fc                PROVIDE (_end, .)
                0x00000000200004fc                . = (. + _Min_Heap_Size)
                0x00000000200008fc                . = (. + _Min_Stack_Size)
 *fill*         0x00000000200004fc      0x400 
                0x00000000200008fc                . = ALIGN (0x4)

.memory_b1_text
 *(.mb1text)
 *(.mb1text*)
 *(.mb1rodata)
 *(.mb1rodata*)

/DISCARD/
 libc.a(*)
 libm.a(*)
 libgcc.a(*)

.ARM.attributes
                0x0000000000000000       0x29
 *(.ARM.attributes)
 .ARM.attributes
                0x0000000000000000       0x1d /usr/local/gcc-arm/gcc-arm-none-eabi-4_9-2015q2/bin/../lib/gcc/arm-none-eabi/4.9.3/armv7-m/crti.o
 .ARM.attributes
                0x000000000000001d       0x2d /usr/local/gcc-arm/gcc-arm-none-eabi-4_9-2015q2/bin/../lib/gcc/arm-none-eabi/4.9.3/armv7-m/crtbegin.o
 .ARM.attributes
                0x000000000000004a       0x33 Middlewares/Third_Party/FreeRTOS/Source/list.o
 .ARM.attributes
                0x000000000000007d       0x33 Middlewares/Third_Party/FreeRTOS/Source/portable/gcc/ARM_CM3/port.o
 .ARM.attributes
                0x00000000000000b0       0x33 Middlewares/Third_Party/FreeRTOS/Source/tasks.o
 .ARM.attributes
                0x00000000000000e3       0x33 Src/main.o
 .ARM.attributes
                0x0000000000000116       0x33 Src/stm32f2xx_it.o
 .ARM.attributes
                0x0000000000000149       0x33 Src/system_stm32f2xx.o
 .ARM.attributes
                0x000000000000017c       0x21 startup_stm32f207xx.o
 .ARM.attributes
                0x000000000000019d       0x2d /usr/local/gcc-arm/gcc-arm-none-eabi-4_9-2015q2/bin/../lib/gcc/arm-none-eabi/4.9.3/../../../../arm-none-eabi/lib/armv7-m/libg.a(lib_a-impure.o)
 .ARM.attributes
                0x00000000000001ca       0x2d /usr/local/gcc-arm/gcc-arm-none-eabi-4_9-2015q2/bin/../lib/gcc/arm-none-eabi/4.9.3/../../../../arm-none-eabi/lib/armv7-m/libg.a(lib_a-init.o)
 .ARM.attributes
                0x00000000000001f7       0x2d /usr/local/gcc-arm/gcc-arm-none-eabi-4_9-2015q2/bin/../lib/gcc/arm-none-eabi/4.9.3/../../../../arm-none-eabi/lib/armv7-m/libg.a(lib_a-__call_atexit.o)
 .ARM.attributes
                0x0000000000000224       0x2d /usr/local/gcc-arm/gcc-arm-none-eabi-4_9-2015q2/bin/../lib/gcc/arm-none-eabi/4.9.3/../../../../arm-none-eabi/lib/armv7-m/libg.a(lib_a-atexit.o)
 .ARM.attributes
                0x0000000000000251       0x2d /usr/local/gcc-arm/gcc-arm-none-eabi-4_9-2015q2/bin/../lib/gcc/arm-none-eabi/4.9.3/../../../../arm-none-eabi/lib/armv7-m/libg.a(lib_a-fini.o)
 .ARM.attributes
                0x000000000000027e       0x2d /usr/local/gcc-arm/gcc-arm-none-eabi-4_9-2015q2/bin/../lib/gcc/arm-none-eabi/4.9.3/../../../../arm-none-eabi/lib/armv7-m/libg.a(lib_a-__atexit.o)
 .ARM.attributes
                0x00000000000002ab       0x1d /usr/local/gcc-arm/gcc-arm-none-eabi-4_9-2015q2/bin/../lib/gcc/arm-none-eabi/4.9.3/armv7-m/crtn.o
OUTPUT(FreeRTOS_with_lwIP.elf elf32-littlearm)

.debug_info     0x0000000000000000     0x1d9c
 .debug_info    0x0000000000000000      0x282 Middlewares/Third_Party/FreeRTOS/Source/list.o
 .debug_info    0x0000000000000282      0x3c3 Middlewares/Third_Party/FreeRTOS/Source/portable/gcc/ARM_CM3/port.o
 .debug_info    0x0000000000000645     0x1010 Middlewares/Third_Party/FreeRTOS/Source/tasks.o
 .debug_info    0x0000000000001655      0x108 Src/main.o
 .debug_info    0x000000000000175d      0x123 Src/stm32f2xx_it.o
 .debug_info    0x0000000000001880      0x4a2 Src/system_stm32f2xx.o
 .debug_info    0x0000000000001d22       0x7a startup_stm32f207xx.o

.debug_abbrev   0x0000000000000000      0x6db
 .debug_abbrev  0x0000000000000000       0xc1 Middlewares/Third_Party/FreeRTOS/Source/list.o
 .debug_abbrev  0x00000000000000c1      0x1ce Middlewares/Third_Party/FreeRTOS/Source/portable/gcc/ARM_CM3/port.o
 .debug_abbrev  0x000000000000028f      0x211 Middlewares/Third_Party/FreeRTOS/Source/tasks.o
 .debug_abbrev  0x00000000000004a0       0xa3 Src/main.o
 .debug_abbrev  0x0000000000000543       0x82 Src/stm32f2xx_it.o
 .debug_abbrev  0x00000000000005c5      0x104 Src/system_stm32f2xx.o
 .debug_abbrev  0x00000000000006c9       0x12 startup_stm32f207xx.o

.debug_aranges  0x0000000000000000      0x300
 .debug_aranges
                0x0000000000000000       0x40 Middlewares/Third_Party/FreeRTOS/Source/list.o
 .debug_aranges
                0x0000000000000040       0x98 Middlewares/Third_Party/FreeRTOS/Source/portable/gcc/ARM_CM3/port.o
 .debug_aranges
                0x00000000000000d8      0x160 Middlewares/Third_Party/FreeRTOS/Source/tasks.o
 .debug_aranges
                0x0000000000000238       0x28 Src/main.o
 .debug_aranges
                0x0000000000000260       0x50 Src/stm32f2xx_it.o
 .debug_aranges
                0x00000000000002b0       0x28 Src/system_stm32f2xx.o
 .debug_aranges
                0x00000000000002d8       0x28 startup_stm32f207xx.o

.debug_ranges   0x0000000000000000      0x298
 .debug_ranges  0x0000000000000000       0x30 Middlewares/Third_Party/FreeRTOS/Source/list.o
 .debug_ranges  0x0000000000000030       0x88 Middlewares/Third_Party/FreeRTOS/Source/portable/gcc/ARM_CM3/port.o
 .debug_ranges  0x00000000000000b8      0x150 Middlewares/Third_Party/FreeRTOS/Source/tasks.o
 .debug_ranges  0x0000000000000208       0x18 Src/main.o
 .debug_ranges  0x0000000000000220       0x40 Src/stm32f2xx_it.o
 .debug_ranges  0x0000000000000260       0x18 Src/system_stm32f2xx.o
 .debug_ranges  0x0000000000000278       0x20 startup_stm32f207xx.o

.debug_macro    0x0000000000000000     0x2c59
 .debug_macro   0x0000000000000000      0x16a Middlewares/Third_Party/FreeRTOS/Source/list.o
 .debug_macro   0x000000000000016a       0x16 Middlewares/Third_Party/FreeRTOS/Source/list.o
 .debug_macro   0x0000000000000180      0x10e Middlewares/Third_Party/FreeRTOS/Source/list.o
 .debug_macro   0x000000000000028e       0x86 Middlewares/Third_Party/FreeRTOS/Source/list.o
 .debug_macro   0x0000000000000314       0x16 Middlewares/Third_Party/FreeRTOS/Source/list.o
 .debug_macro   0x000000000000032a       0x29 Middlewares/Third_Party/FreeRTOS/Source/list.o
 .debug_macro   0x0000000000000353      0x118 Middlewares/Third_Party/FreeRTOS/Source/list.o
 .debug_macro   0x000000000000046b      0x15c Middlewares/Third_Party/FreeRTOS/Source/portable/gcc/ARM_CM3/port.o
 .debug_macro   0x00000000000005c7      0x218 Middlewares/Third_Party/FreeRTOS/Source/tasks.o
 .debug_macro   0x00000000000007df       0x16 Middlewares/Third_Party/FreeRTOS/Source/tasks.o
 .debug_macro   0x00000000000007f5      0x26f Src/main.o
 .debug_macro   0x0000000000000a64      0x8da Src/main.o
 .debug_macro   0x000000000000133e       0x9c Src/main.o
 .debug_macro   0x00000000000013da       0x16 Src/main.o
 .debug_macro   0x00000000000013f0       0x97 Src/main.o
 .debug_macro   0x0000000000001487      0x2a4 Src/main.o
 .debug_macro   0x000000000000172b       0xfd Src/main.o
 .debug_macro   0x0000000000001828       0x10 Src/main.o
 .debug_macro   0x0000000000001838       0x43 Src/main.o
 .debug_macro   0x000000000000187b       0x10 Src/main.o
 .debug_macro   0x000000000000188b       0x22 Src/main.o
 .debug_macro   0x00000000000018ad       0xbe Src/main.o
 .debug_macro   0x000000000000196b       0x16 Src/main.o
 .debug_macro   0x0000000000001981      0x197 Src/main.o
 .debug_macro   0x0000000000001b18       0x1c Src/main.o
 .debug_macro   0x0000000000001b34      0xbb1 Src/main.o
 .debug_macro   0x00000000000026e5       0x3a Src/main.o
 .debug_macro   0x000000000000271f      0x245 Src/stm32f2xx_it.o
 .debug_macro   0x0000000000002964       0x4c Src/stm32f2xx_it.o
 .debug_macro   0x00000000000029b0      0x11e Src/stm32f2xx_it.o
 .debug_macro   0x0000000000002ace      0x18b Src/system_stm32f2xx.o

.debug_line     0x0000000000000000     0x28c6
 .debug_line    0x0000000000000000      0x46f Middlewares/Third_Party/FreeRTOS/Source/list.o
 .debug_line    0x000000000000046f      0x521 Middlewares/Third_Party/FreeRTOS/Source/portable/gcc/ARM_CM3/port.o
 .debug_line    0x0000000000000990      0xb48 Middlewares/Third_Party/FreeRTOS/Source/tasks.o
 .debug_line    0x00000000000014d8      0x616 Src/main.o
 .debug_line    0x0000000000001aee      0x7d4 Src/stm32f2xx_it.o
 .debug_line    0x00000000000022c2      0x58d Src/system_stm32f2xx.o
 .debug_line    0x000000000000284f       0x77 startup_stm32f207xx.o

.debug_str      0x0000000000000000    0x5e20e
 .debug_str     0x0000000000000000     0x7251 Middlewares/Third_Party/FreeRTOS/Source/list.o
                                       0x7447 (size before relaxing)
 .debug_str     0x0000000000007251      0xbed Middlewares/Third_Party/FreeRTOS/Source/portable/gcc/ARM_CM3/port.o
                                       0x5d32 (size before relaxing)
 .debug_str     0x0000000000007e3e     0x157b Middlewares/Third_Party/FreeRTOS/Source/tasks.o
                                       0x8d18 (size before relaxing)
 .debug_str     0x00000000000093b9    0x534cd Src/main.o
                                      0x586ae (size before relaxing)
 .debug_str     0x000000000005c886     0x17ba Src/stm32f2xx_it.o
                                      0x59563 (size before relaxing)
 .debug_str     0x000000000005e040      0x1ce Src/system_stm32f2xx.o
                                      0x555b5 (size before relaxing)

.comment        0x0000000000000000       0x70
 .comment       0x0000000000000000       0x70 Middlewares/Third_Party/FreeRTOS/Source/list.o
                                         0x71 (size before relaxing)
 .comment       0x0000000000000000       0x71 Middlewares/Third_Party/FreeRTOS/Source/portable/gcc/ARM_CM3/port.o
 .comment       0x0000000000000000       0x71 Middlewares/Third_Party/FreeRTOS/Source/tasks.o
 .comment       0x0000000000000000       0x71 Src/main.o
 .comment       0x0000000000000000       0x71 Src/stm32f2xx_it.o
 .comment       0x0000000000000000       0x71 Src/system_stm32f2xx.o

.debug_frame    0x0000000000000000      0xaf8
 .debug_frame   0x0000000000000000       0xd8 Middlewares/Third_Party/FreeRTOS/Source/list.o
 .debug_frame   0x00000000000000d8      0x1c4 Middlewares/Third_Party/FreeRTOS/Source/portable/gcc/ARM_CM3/port.o
 .debug_frame   0x000000000000029c      0x5dc Middlewares/Third_Party/FreeRTOS/Source/tasks.o
 .debug_frame   0x0000000000000878       0x58 Src/main.o
 .debug_frame   0x00000000000008d0       0xcc Src/stm32f2xx_it.o
 .debug_frame   0x000000000000099c       0x58 Src/system_stm32f2xx.o
 .debug_frame   0x00000000000009f4       0x2c /usr/local/gcc-arm/gcc-arm-none-eabi-4_9-2015q2/bin/../lib/gcc/arm-none-eabi/4.9.3/../../../../arm-none-eabi/lib/armv7-m/libg.a(lib_a-init.o)
 .debug_frame   0x0000000000000a20       0x50 /usr/local/gcc-arm/gcc-arm-none-eabi-4_9-2015q2/bin/../lib/gcc/arm-none-eabi/4.9.3/../../../../arm-none-eabi/lib/armv7-m/libg.a(lib_a-__call_atexit.o)
 .debug_frame   0x0000000000000a70       0x20 /usr/local/gcc-arm/gcc-arm-none-eabi-4_9-2015q2/bin/../lib/gcc/arm-none-eabi/4.9.3/../../../../arm-none-eabi/lib/armv7-m/libg.a(lib_a-atexit.o)
 .debug_frame   0x0000000000000a90       0x34 /usr/local/gcc-arm/gcc-arm-none-eabi-4_9-2015q2/bin/../lib/gcc/arm-none-eabi/4.9.3/../../../../arm-none-eabi/lib/armv7-m/libg.a(lib_a-fini.o)
 .debug_frame   0x0000000000000ac4       0x34 /usr/local/gcc-arm/gcc-arm-none-eabi-4_9-2015q2/bin/../lib/gcc/arm-none-eabi/4.9.3/../../../../arm-none-eabi/lib/armv7-m/libg.a(lib_a-__atexit.o)
